******************************************************************************
             TMS320C2000 Linker PC v20.2.5                     
******************************************************************************
>> Linked Sat Nov 26 19:55:36 2022

OUTPUT FILE NAME:   <M_PotBot_test_scripts.out>
ENTRY POINT SYMBOL: "_c_int00"  address: 00008627


MEMORY CONFIGURATION

         name            origin    length      used     unused   attr    fill
----------------------  --------  ---------  --------  --------  ----  --------
PAGE 0:
  BEGIN                 00000000   00000002  00000000  00000002  RWIX
  RAMM0                 00000050   000003b0  0000002a  00000386  RWIX
  PRAML0                00008000   00000900  00000753  000001ad  RWIX
  IQTABLES              003fe000   00000b50  00000000  00000b50  RWIX
  IQTABLES2             003feb50   0000008c  00000000  0000008c  RWIX
  IQTABLES3             003febdc   000000aa  00000000  000000aa  RWIX
  BOOTROM               003ff27c   00000d44  00000000  00000d44  RWIX
  RESET                 003fffc0   00000002  00000000  00000002  RWIX

PAGE 1:
  BOOT_RSVD             00000002   0000004e  00000000  0000004e  RWIX
  RAMM1                 00000400   00000400  00000300  00000100  RWIX
  DEV_EMU               00000880   00000105  00000004  00000101  RWIX
  SYS_PWR_CTL           00000985   00000003  00000003  00000000  RWIX
  FLASH_REGS            00000a80   00000060  00000008  00000058  RWIX
  CSM                   00000ae0   00000010  00000010  00000000  RWIX
  ADC_RESULT            00000b00   00000020  00000020  00000000  RWIX
  CPU_TIMER0            00000c00   00000008  00000008  00000000  RWIX
  CPU_TIMER1            00000c08   00000008  00000008  00000000  RWIX
  CPU_TIMER2            00000c10   00000008  00000008  00000000  RWIX
  PIE_CTRL              00000ce0   00000020  0000001a  00000006  RWIX
  PIE_VECT              00000d00   00000100  00000100  00000000  RWIX
  COMP1                 00006400   00000020  00000020  00000000  RWIX
  COMP2                 00006420   00000020  00000020  00000000  RWIX
  EPWM1                 00006800   00000040  00000040  00000000  RWIX
  EPWM2                 00006840   00000040  00000040  00000000  RWIX
  EPWM3                 00006880   00000040  00000040  00000000  RWIX
  EPWM4                 000068c0   00000040  00000040  00000000  RWIX
  ECAP1                 00006a00   00000020  00000020  00000000  RWIX
  GPIOCTRL              00006f80   00000040  00000040  00000000  RWIX
  GPIODAT               00006fc0   00000020  00000020  00000000  RWIX
  GPIOINT               00006fe0   00000020  0000000a  00000016  RWIX
  SYSTEM                00007010   00000020  0000001f  00000001  RWIX
  SPIA                  00007040   00000010  00000010  00000000  RWIX
  SCIA                  00007050   00000010  00000010  00000000  RWIX
  NMIINTRUPT            00007060   00000010  00000010  00000000  RWIX
  XINTRUPT              00007070   00000010  00000010  00000000  RWIX
  ADC                   00007100   00000080  00000051  0000002f  RWIX
  I2CA                  00007900   00000040  00000022  0000001e  RWIX
  DRAML0                00008900   00000700  0000006a  00000696  RWIX
  PARTID                003d7fff   00000001  00000001  00000000  RWIX
  CSM_PWL               003f7ff8   00000008  00000008  00000000  RWIX


SECTION ALLOCATION MAP

 output                                  attributes/
section   page    origin      length       input sections
--------  ----  ----------  ----------   ----------------
.cinit     0    00000050    0000002a     
                  00000050    00000010     main.obj (.cinit)
                  00000060    0000000e     rts2800_ml.lib : exit.c.obj (.cinit)
                  0000006e    00000005                    : _lock.c.obj (.cinit:__lock)
                  00000073    00000005                    : _lock.c.obj (.cinit:__unlock)
                  00000078    00000002     --HOLE-- [fill = 0]

.text      0    00008000    00000753     
                  00008000    000001c7     servo.obj (.text)
                  000081c7    00000143     adc.obj (.text)
                  0000830a    00000126     uart.obj (.text)
                  00008430    000000d9     DevInit.obj (.text)
                  00008509    00000066     main.obj (.text)
                  0000856f    0000005e     spi.obj (.text)
                  000085cd    0000005a     rts2800_ml.lib : fs_mpy28.asm.obj (.text)
                  00008627    00000054                    : boot28.asm.obj (.text)
                  0000867b    0000002a                    : l_div28.asm.obj (.text)
                  000086a5    00000029                    : exit.c.obj (.text)
                  000086ce    00000024                    : cpy_tbl.c.obj (.text)
                  000086f2    0000001d                    : fs_tou28.asm.obj (.text)
                  0000870f    0000001d                    : memcpy.c.obj (.text)
                  0000872c    00000011                    : args_main.c.obj (.text)
                  0000873d    00000009                    : _lock.c.obj (.text)
                  00008746    00000005     DevInit.obj (.text:retain)
                  0000874b    00000005     rts2800_ml.lib : strcpy.c.obj (.text)
                  00008750    00000002                    : pre_init.c.obj (.text)
                  00008752    00000001                    : startup.c.obj (.text)

.pinit     0    00000050    00000000     UNINITIALIZED

.reset     0    003fffc0    00000002     DSECT
                  003fffc0    00000002     rts2800_ml.lib : boot28.asm.obj (.reset)

.stack     1    00000400    00000300     UNINITIALIZED
                  00000400    00000300     --HOLE--

.ebss      1    00008900    00000046     UNINITIALIZED
                  00008900    0000000e     uart.obj (.ebss:___uart_c_buffer_string)
                  0000890e    0000000e     main.obj (.ebss:_buffer_string)
                  0000891c    0000000d     main.obj (.ebss)
                  00008929    00000008     servo.obj (.ebss:___servos_c_pwm_max)
                  00008931    00000008     servo.obj (.ebss:___servos_c_pwm_min)
                  00008939    00000001     uart.obj (.ebss)
                  0000893a    00000006     rts2800_ml.lib : exit.c.obj (.ebss)
                  00008940    00000002                    : _lock.c.obj (.ebss:__lock)
                  00008942    00000002                    : _lock.c.obj (.ebss:__unlock)
                  00008944    00000002     adc.obj (.ebss)

.econst    1    00008946    00000024     
                  00008946    00000010     main.obj (.econst:_$P$T0$1)
                  00008956    00000010     main.obj (.econst:_$P$T1$2)
                  00008966    00000004     uart.obj (.econst:.string)

DevEmuRegsFile 
*          1    00000880    00000004     UNINITIALIZED
                  00000880    00000004     F2802x_GlobalVariableDefs.obj (DevEmuRegsFile)

SysPwrCtrlRegsFile 
*          1    00000985    00000003     UNINITIALIZED
                  00000985    00000003     F2802x_GlobalVariableDefs.obj (SysPwrCtrlRegsFile)

FlashRegsFile 
*          1    00000a80    00000008     UNINITIALIZED
                  00000a80    00000008     F2802x_GlobalVariableDefs.obj (FlashRegsFile)

CsmRegsFile 
*          1    00000ae0    00000010     UNINITIALIZED
                  00000ae0    00000010     F2802x_GlobalVariableDefs.obj (CsmRegsFile)

AdcResultFile 
*          1    00000b00    00000020     UNINITIALIZED
                  00000b00    00000020     F2802x_GlobalVariableDefs.obj (AdcResultFile)

CpuTimer0RegsFile 
*          1    00000c00    00000008     UNINITIALIZED
                  00000c00    00000008     F2802x_GlobalVariableDefs.obj (CpuTimer0RegsFile)

CpuTimer1RegsFile 
*          1    00000c08    00000008     UNINITIALIZED
                  00000c08    00000008     F2802x_GlobalVariableDefs.obj (CpuTimer1RegsFile)

CpuTimer2RegsFile 
*          1    00000c10    00000008     UNINITIALIZED
                  00000c10    00000008     F2802x_GlobalVariableDefs.obj (CpuTimer2RegsFile)

PieCtrlRegsFile 
*          1    00000ce0    0000001a     UNINITIALIZED
                  00000ce0    0000001a     F2802x_GlobalVariableDefs.obj (PieCtrlRegsFile)

PieVectTableFile 
*          1    00000d00    00000100     UNINITIALIZED
                  00000d00    00000100     F2802x_GlobalVariableDefs.obj (PieVectTableFile)

EmuKeyVar 
*          1    00000d00    00000001     UNINITIALIZED
                  00000d00    00000001     F2802x_GlobalVariableDefs.obj (EmuKeyVar)

EmuBModeVar 
*          1    00000d01    00000001     UNINITIALIZED
                  00000d01    00000001     F2802x_GlobalVariableDefs.obj (EmuBModeVar)

FlashCallbackVar 
*          1    00000d02    00000002     UNINITIALIZED
                  00000d02    00000002     F2802x_GlobalVariableDefs.obj (FlashCallbackVar)

FlashScalingVar 
*          1    00000d04    00000002     UNINITIALIZED
                  00000d04    00000002     F2802x_GlobalVariableDefs.obj (FlashScalingVar)

Comp1RegsFile 
*          1    00006400    00000020     UNINITIALIZED
                  00006400    00000020     F2802x_GlobalVariableDefs.obj (Comp1RegsFile)

Comp2RegsFile 
*          1    00006420    00000020     UNINITIALIZED
                  00006420    00000020     F2802x_GlobalVariableDefs.obj (Comp2RegsFile)

EPwm1RegsFile 
*          1    00006800    00000040     UNINITIALIZED
                  00006800    00000040     F2802x_GlobalVariableDefs.obj (EPwm1RegsFile)

EPwm2RegsFile 
*          1    00006840    00000040     UNINITIALIZED
                  00006840    00000040     F2802x_GlobalVariableDefs.obj (EPwm2RegsFile)

EPwm3RegsFile 
*          1    00006880    00000040     UNINITIALIZED
                  00006880    00000040     F2802x_GlobalVariableDefs.obj (EPwm3RegsFile)

EPwm4RegsFile 
*          1    000068c0    00000040     UNINITIALIZED
                  000068c0    00000040     F2802x_GlobalVariableDefs.obj (EPwm4RegsFile)

ECap1RegsFile 
*          1    00006a00    00000020     UNINITIALIZED
                  00006a00    00000020     F2802x_GlobalVariableDefs.obj (ECap1RegsFile)

GpioCtrlRegsFile 
*          1    00006f80    00000040     UNINITIALIZED
                  00006f80    00000040     F2802x_GlobalVariableDefs.obj (GpioCtrlRegsFile)

GpioDataRegsFile 
*          1    00006fc0    00000020     UNINITIALIZED
                  00006fc0    00000020     F2802x_GlobalVariableDefs.obj (GpioDataRegsFile)

GpioIntRegsFile 
*          1    00006fe0    0000000a     UNINITIALIZED
                  00006fe0    0000000a     F2802x_GlobalVariableDefs.obj (GpioIntRegsFile)

SysCtrlRegsFile 
*          1    00007010    0000001f     UNINITIALIZED
                  00007010    0000001f     F2802x_GlobalVariableDefs.obj (SysCtrlRegsFile)

SpiaRegsFile 
*          1    00007040    00000010     UNINITIALIZED
                  00007040    00000010     F2802x_GlobalVariableDefs.obj (SpiaRegsFile)

SciaRegsFile 
*          1    00007050    00000010     UNINITIALIZED
                  00007050    00000010     F2802x_GlobalVariableDefs.obj (SciaRegsFile)

NmiIntruptRegsFile 
*          1    00007060    00000010     UNINITIALIZED
                  00007060    00000010     F2802x_GlobalVariableDefs.obj (NmiIntruptRegsFile)

XIntruptRegsFile 
*          1    00007070    00000010     UNINITIALIZED
                  00007070    00000010     F2802x_GlobalVariableDefs.obj (XIntruptRegsFile)

AdcRegsFile 
*          1    00007100    00000051     UNINITIALIZED
                  00007100    00000051     F2802x_GlobalVariableDefs.obj (AdcRegsFile)

I2caRegsFile 
*          1    00007900    00000022     UNINITIALIZED
                  00007900    00000022     F2802x_GlobalVariableDefs.obj (I2caRegsFile)

PartIdRegsFile 
*          1    003d7fff    00000001     UNINITIALIZED
                  003d7fff    00000001     F2802x_GlobalVariableDefs.obj (PartIdRegsFile)

CsmPwlFile 
*          1    003f7ff8    00000008     UNINITIALIZED
                  003f7ff8    00000008     F2802x_GlobalVariableDefs.obj (CsmPwlFile)

MODULE SUMMARY

       Module                          code   initialized data   uninitialized data
       ------                          ----   ----------------   ------------------
    .\
       servo.obj                       455    0                  16                
       adc.obj                         323    0                  2                 
       uart.obj                        294    4                  15                
       DevInit.obj                     222    0                  0                 
       main.obj                        102    48                 27                
       spi.obj                         94     0                  0                 
    +--+-------------------------------+------+------------------+--------------------+
       Total:                          1490   52                 60                
                                                                                   
    .\Peripheral_Headers\
       F2802x_GlobalVariableDefs.obj   0      0                  1052              
    +--+-------------------------------+------+------------------+--------------------+
       Total:                          0      0                  1052              
                                                                                   
    C:\ti\ccs1040\ccs\tools\compiler\ti-cgt-c2000_20.2.5.LTS\lib\rts2800_ml.lib
       fs_mpy28.asm.obj                90     0                  0                 
       boot28.asm.obj                  84     0                  0                 
       exit.c.obj                      41     14                 6                 
       l_div28.asm.obj                 42     0                  0                 
       cpy_tbl.c.obj                   36     0                  0                 
       fs_tou28.asm.obj                29     0                  0                 
       memcpy.c.obj                    29     0                  0                 
       _lock.c.obj                     9      10                 4                 
       args_main.c.obj                 17     0                  0                 
       strcpy.c.obj                    5      0                  0                 
       pre_init.c.obj                  2      0                  0                 
       startup.c.obj                   1      0                  0                 
    +--+-------------------------------+------+------------------+--------------------+
       Total:                          385    24                 10                
                                                                                   
       Stack:                          0      0                  768               
    +--+-------------------------------+------+------------------+--------------------+
       Grand Total:                    1875   76                 1890              


GLOBAL DATA SYMBOLS: SORTED BY DATA PAGE

address     data page           name
--------    ----------------    ----
00000400      10 (00000400)     __stack

00000880      22 (00000880)     _DevEmuRegs

00000985      26 (00000980)     _SysPwrCtrlRegs

00000a80      2a (00000a80)     _FlashRegs

00000ae0      2b (00000ac0)     _CsmRegs

00000b00      2c (00000b00)     _AdcResult

00000c00      30 (00000c00)     _CpuTimer0Regs
00000c08      30 (00000c00)     _CpuTimer1Regs
00000c10      30 (00000c00)     _CpuTimer2Regs

00000ce0      33 (00000cc0)     _PieCtrlRegs

00000d00      34 (00000d00)     _EmuKey
00000d00      34 (00000d00)     _PieVectTable
00000d01      34 (00000d00)     _EmuBMode
00000d02      34 (00000d00)     _Flash_CallbackPtr
00000d04      34 (00000d00)     _Flash_CPUScaleFactor

00006400     190 (00006400)     _Comp1Regs
00006420     190 (00006400)     _Comp2Regs

00006800     1a0 (00006800)     _EPwm1Regs

00006840     1a1 (00006840)     _EPwm2Regs

00006880     1a2 (00006880)     _EPwm3Regs

000068c0     1a3 (000068c0)     _EPwm4Regs

00006a00     1a8 (00006a00)     _ECap1Regs

00006f80     1be (00006f80)     _GpioCtrlRegs

00006fc0     1bf (00006fc0)     _GpioDataRegs
00006fe0     1bf (00006fc0)     _GpioIntRegs

00007010     1c0 (00007000)     _SysCtrlRegs

00007040     1c1 (00007040)     _SpiaRegs
00007050     1c1 (00007040)     _SciaRegs
00007060     1c1 (00007040)     _NmiIntruptRegs
00007070     1c1 (00007040)     _XIntruptRegs

00007100     1c4 (00007100)     _AdcRegs

00007900     1e4 (00007900)     _I2caRegs

00008900     224 (00008900)     ___uart_c_buffer_string
0000890e     224 (00008900)     _buffer_string
0000891c     224 (00008900)     _x_next
0000891d     224 (00008900)     _y_next
0000891e     224 (00008900)     _z
0000891f     224 (00008900)     _adc_out_x
00008920     224 (00008900)     _adc_out_y
00008921     224 (00008900)     _fir_N
00008922     224 (00008900)     _asdf_1
00008923     224 (00008900)     _N
00008924     224 (00008900)     _fir_counter
00008925     224 (00008900)     _adc_result_FIR_N
00008926     224 (00008900)     _servo_degs
00008927     224 (00008900)     _buffer_index
00008928     224 (00008900)     _buffer_string_ready
00008929     224 (00008900)     ___servos_c_pwm_max
00008931     224 (00008900)     ___servos_c_pwm_min
00008939     224 (00008900)     ___uart_c_buffer_index
0000893a     224 (00008900)     ___TI_enable_exit_profile_output
0000893c     224 (00008900)     ___TI_cleanup_ptr
0000893e     224 (00008900)     ___TI_dtors_ptr

00008940     225 (00008940)     __lock
00008942     225 (00008940)     __unlock
00008944     225 (00008940)     ___adc_c_temp_slope
00008945     225 (00008940)     ___adc_c_temp_offset

003d7fff    f5ff (003d7fc0)     _PartIdRegs

003f7ff8    fdff (003f7fc0)     _CsmPwl


GLOBAL SYMBOLS: SORTED ALPHABETICALLY BY Name 

page  address   name                            
----  -------   ----                            
0     00008000  .text                           
0     000086a5  C$$EXIT                         
0     000085cd  FS$$MPY                         
0     000086f2  FS$$TOU                         
0     0000867b  L$$DIV                          
0     0000868a  L$$MOD                          
0     00008698  UL$$DIV                         
0     0000869f  UL$$MOD                         
1     00007100  _AdcRegs                        
1     00000b00  _AdcResult                      
1     00006400  _Comp1Regs                      
1     00006420  _Comp2Regs                      
1     00000c00  _CpuTimer0Regs                  
1     00000c08  _CpuTimer1Regs                  
1     00000c10  _CpuTimer2Regs                  
1     003f7ff8  _CsmPwl                         
1     00000ae0  _CsmRegs                        
1     00000880  _DevEmuRegs                     
0     00008430  _DeviceInit                     
1     00006a00  _ECap1Regs                      
1     00006800  _EPwm1Regs                      
1     00006840  _EPwm2Regs                      
1     00006880  _EPwm3Regs                      
1     000068c0  _EPwm4Regs                      
1     00000d01  _EmuBMode                       
1     00000d00  _EmuKey                         
1     00000a80  _FlashRegs                      
1     00000d04  _Flash_CPUScaleFactor           
1     00000d02  _Flash_CallbackPtr              
1     00006f80  _GpioCtrlRegs                   
1     00006fc0  _GpioDataRegs                   
1     00006fe0  _GpioIntRegs                    
1     00007900  _I2caRegs                       
0     00008746  _ISR_ILLEGAL                    
0     000084f6  _MemCopy                        
1     00008923  _N                              
1     00007060  _NmiIntruptRegs                 
0     00008481  _PLLset                         
1     003d7fff  _PartIdRegs                     
0     000084bb  _PieCntlInit                    
1     00000ce0  _PieCtrlRegs                    
1     00000d00  _PieVectTable                   
0     000084da  _PieVectTableInit               
1     00007050  _SciaRegs                       
1     00007040  _SpiaRegs                       
1     00007010  _SysCtrlRegs                    
1     00000985  _SysPwrCtrlRegs                 
0     00008479  _WDogDisable                    
1     00007070  _XIntruptRegs                   
1     00000700  __STACK_END                     
abs   00000300  __STACK_SIZE                    
1     0000893c  ___TI_cleanup_ptr               
1     0000893e  ___TI_dtors_ptr                 
1     0000893a  ___TI_enable_exit_profile_output
abs   ffffffff  ___TI_pprof_out_hndl            
abs   ffffffff  ___TI_prof_data_size            
abs   ffffffff  ___TI_prof_data_start           
1     00008945  ___adc_c_temp_offset            
1     00008944  ___adc_c_temp_slope             
abs   ffffffff  ___binit__                      
abs   ffffffff  ___c_args__                     
0     00000050  ___cinit__                      
0     00008753  ___etext__                      
abs   ffffffff  ___pinit__                      
1     00008929  ___servos_c_pwm_max             
1     00008931  ___servos_c_pwm_min             
0     00008000  ___text__                       
1     00008939  ___uart_c_buffer_index          
1     00008900  ___uart_c_buffer_string         
0     0000872c  __args_main                     
1     00008940  __lock                          
0     00008745  __nop                           
0     00008741  __register_lock                 
0     0000873d  __register_unlock               
1     00000400  __stack                         
0     00008752  __system_post_cinit             
0     00008750  __system_pre_init               
1     00008942  __unlock                        
0     000086a5  _abort                          
0     000081c7  _adc_init                       
1     0000891f  _adc_out_x                      
1     00008920  _adc_out_y                      
1     00008925  _adc_result_FIR_N               
0     0000828c  _adc_sample                     
0     00008244  _adc_trigger_select             
1     00008922  _asdf_1                         
1     00008927  _buffer_index                   
1     0000890e  _buffer_string                  
1     00008928  _buffer_string_ready            
0     00008627  _c_int00                        
0     000086ce  _copy_in                        
0     00008187  _enable_epwm_interrupts         
0     000086a7  _exit                           
1     00008921  _fir_N                          
1     00008924  _fir_counter                    
0     00008509  _main                           
0     0000870f  _memcpy                         
0     000083a6  _parse_rx                       
1     00008926  _servo_degs                     
0     00008000  _servo_init                     
0     0000812d  _servo_set                      
0     0000856f  _spi_init                       
0     000085b5  _spi_send_int                   
0     0000874b  _strcpy                         
0     000082d4  _temp_sample                    
0     0000830a  _uart_init                      
0     0000835d  _uart_rx                        
0     0000833f  _uart_tx_char                   
0     00008349  _uart_tx_str                    
1     0000891c  _x_next                         
0     000082ea  _y_fit                          
1     0000891d  _y_next                         
1     0000891e  _z                              
abs   ffffffff  binit                           
0     00000050  cinit                           
0     00008753  etext                           
abs   ffffffff  pinit                           


GLOBAL SYMBOLS: SORTED BY Symbol Address 

page  address   name                            
----  -------   ----                            
0     00000050  ___cinit__                      
0     00000050  cinit                           
0     00008000  .text                           
0     00008000  ___text__                       
0     00008000  _servo_init                     
0     0000812d  _servo_set                      
0     00008187  _enable_epwm_interrupts         
0     000081c7  _adc_init                       
0     00008244  _adc_trigger_select             
0     0000828c  _adc_sample                     
0     000082d4  _temp_sample                    
0     000082ea  _y_fit                          
0     0000830a  _uart_init                      
0     0000833f  _uart_tx_char                   
0     00008349  _uart_tx_str                    
0     0000835d  _uart_rx                        
0     000083a6  _parse_rx                       
0     00008430  _DeviceInit                     
0     00008479  _WDogDisable                    
0     00008481  _PLLset                         
0     000084bb  _PieCntlInit                    
0     000084da  _PieVectTableInit               
0     000084f6  _MemCopy                        
0     00008509  _main                           
0     0000856f  _spi_init                       
0     000085b5  _spi_send_int                   
0     000085cd  FS$$MPY                         
0     00008627  _c_int00                        
0     0000867b  L$$DIV                          
0     0000868a  L$$MOD                          
0     00008698  UL$$DIV                         
0     0000869f  UL$$MOD                         
0     000086a5  C$$EXIT                         
0     000086a5  _abort                          
0     000086a7  _exit                           
0     000086ce  _copy_in                        
0     000086f2  FS$$TOU                         
0     0000870f  _memcpy                         
0     0000872c  __args_main                     
0     0000873d  __register_unlock               
0     00008741  __register_lock                 
0     00008745  __nop                           
0     00008746  _ISR_ILLEGAL                    
0     0000874b  _strcpy                         
0     00008750  __system_pre_init               
0     00008752  __system_post_cinit             
0     00008753  ___etext__                      
0     00008753  etext                           
1     00000400  __stack                         
1     00000700  __STACK_END                     
1     00000880  _DevEmuRegs                     
1     00000985  _SysPwrCtrlRegs                 
1     00000a80  _FlashRegs                      
1     00000ae0  _CsmRegs                        
1     00000b00  _AdcResult                      
1     00000c00  _CpuTimer0Regs                  
1     00000c08  _CpuTimer1Regs                  
1     00000c10  _CpuTimer2Regs                  
1     00000ce0  _PieCtrlRegs                    
1     00000d00  _EmuKey                         
1     00000d00  _PieVectTable                   
1     00000d01  _EmuBMode                       
1     00000d02  _Flash_CallbackPtr              
1     00000d04  _Flash_CPUScaleFactor           
1     00006400  _Comp1Regs                      
1     00006420  _Comp2Regs                      
1     00006800  _EPwm1Regs                      
1     00006840  _EPwm2Regs                      
1     00006880  _EPwm3Regs                      
1     000068c0  _EPwm4Regs                      
1     00006a00  _ECap1Regs                      
1     00006f80  _GpioCtrlRegs                   
1     00006fc0  _GpioDataRegs                   
1     00006fe0  _GpioIntRegs                    
1     00007010  _SysCtrlRegs                    
1     00007040  _SpiaRegs                       
1     00007050  _SciaRegs                       
1     00007060  _NmiIntruptRegs                 
1     00007070  _XIntruptRegs                   
1     00007100  _AdcRegs                        
1     00007900  _I2caRegs                       
1     00008900  ___uart_c_buffer_string         
1     0000890e  _buffer_string                  
1     0000891c  _x_next                         
1     0000891d  _y_next                         
1     0000891e  _z                              
1     0000891f  _adc_out_x                      
1     00008920  _adc_out_y                      
1     00008921  _fir_N                          
1     00008922  _asdf_1                         
1     00008923  _N                              
1     00008924  _fir_counter                    
1     00008925  _adc_result_FIR_N               
1     00008926  _servo_degs                     
1     00008927  _buffer_index                   
1     00008928  _buffer_string_ready            
1     00008929  ___servos_c_pwm_max             
1     00008931  ___servos_c_pwm_min             
1     00008939  ___uart_c_buffer_index          
1     0000893a  ___TI_enable_exit_profile_output
1     0000893c  ___TI_cleanup_ptr               
1     0000893e  ___TI_dtors_ptr                 
1     00008940  __lock                          
1     00008942  __unlock                        
1     00008944  ___adc_c_temp_slope             
1     00008945  ___adc_c_temp_offset            
1     003d7fff  _PartIdRegs                     
1     003f7ff8  _CsmPwl                         
abs   00000300  __STACK_SIZE                    
abs   ffffffff  ___TI_pprof_out_hndl            
abs   ffffffff  ___TI_prof_data_size            
abs   ffffffff  ___TI_prof_data_start           
abs   ffffffff  ___binit__                      
abs   ffffffff  ___c_args__                     
abs   ffffffff  ___pinit__                      
abs   ffffffff  binit                           
abs   ffffffff  pinit                           

[117 symbols]
